WARNING: Invalid time string: not the right number of dots (.); expected one: '0.240.05'
